<html>
<body>
<pre>
<h1>µVision Build Log</h1>
<h2>Project:</h2>
C:\Users\KIPP\Documents\d\arm\uart_interrupts\uart_interrupts.uvproj
Project File Date:  02/05/2017

<h2>Output:</h2>
compiling main.c...
main.c(23): warning:  #550-D: variable "regVal1" was set but never used
main.c - 0 Error(s), 1 Warning(s).
Build target 'Target 1'
assembling Startup.s...
linking...
Program Size: Code=1072 RO-data=16 RW-data=0 ZI-data=1256  
"uart_interrupts.axf" - 0 Error(s), 0 Warning(s).
Build target 'Target 1'
User command #1: fromelf --bin  uart_interrupts.axf  --output uart_interrupts.bin
linking...
Program Size: Code=1072 RO-data=16 RW-data=0 ZI-data=1256  
"uart_interrupts.axf" - 0 Error(s), 0 Warning(s).
compiling main.c...
main.c(24): warning:  #550-D: variable "regVal1" was set but never used
main.c - 0 Error(s), 1 Warning(s).
Build target 'Target 1'
User command #1: fromelf --bin  uart_interrupts.axf  --output uart_interrupts.bin
linking...
Program Size: Code=1064 RO-data=16 RW-data=0 ZI-data=1256  
"uart_interrupts.axf" - 0 Error(s), 0 Warning(s).
Build target 'Target 1'
User command #1: fromelf --bin  uart_interrupts.axf  --output uart_interrupts.bin
linking...
Program Size: Code=1064 RO-data=16 RW-data=0 ZI-data=1256  
"uart_interrupts.axf" - 0 Error(s), 0 Warning(s).
compiling main.c...
main.c(59): warning:  #550-D: variable "regVal1" was set but never used
main.c - 0 Error(s), 1 Warning(s).
Build target 'Target 1'
User command #1: fromelf --bin  uart_interrupts.axf  --output uart_interrupts.bin
linking...
Program Size: Code=1064 RO-data=16 RW-data=0 ZI-data=1256  
"uart_interrupts.axf" - 0 Error(s), 0 Warning(s).
Build target 'Target 1'
User command #1: fromelf --bin  uart_interrupts.axf  --output uart_interrupts.bin
linking...
Program Size: Code=1064 RO-data=16 RW-data=0 ZI-data=1256  
"uart_interrupts.axf" - 0 Error(s), 0 Warning(s).
compiling main.c...
main.c(16): warning:  #111-D: statement is unreachable
main.c(60): warning:  #550-D: variable "regVal1" was set but never used
main.c - 0 Error(s), 2 Warning(s).
Build target 'Target 1'
User command #1: fromelf --bin  uart_interrupts.axf  --output uart_interrupts.bin
linking...
Program Size: Code=1064 RO-data=16 RW-data=0 ZI-data=1256  
"uart_interrupts.axf" - 0 Error(s), 0 Warning(s).
Build target 'Target 1'
User command #1: fromelf --bin  uart_interrupts.axf  --output uart_interrupts.bin
compiling main.c...
main.c(16): warning:  #111-D: statement is unreachable
main.c(60): warning:  #550-D: variable "regVal1" was set but never used
linking...
Program Size: Code=1064 RO-data=16 RW-data=0 ZI-data=1256  
"uart_interrupts.axf" - 0 Error(s), 2 Warning(s).
Build target 'Target 1'
User command #1: fromelf --bin  uart_interrupts.axf  --output uart_interrupts.bin
linking...
Program Size: Code=1064 RO-data=16 RW-data=0 ZI-data=1256  
"uart_interrupts.axf" - 0 Error(s), 0 Warning(s).
Build target 'Target 1'
User command #1: fromelf --bin  uart_interrupts.axf  --output uart_interrupts.bin
linking...
Program Size: Code=1064 RO-data=16 RW-data=0 ZI-data=1256  
"uart_interrupts.axf" - 0 Error(s), 0 Warning(s).
compiling main.c...
main.c(186): warning:  #550-D: variable "regVal" was set but never used
main.c - 0 Error(s), 1 Warning(s).
Build target 'Target 1'
User command #1: fromelf --bin  uart_interrupts.axf  --output uart_interrupts.bin
linking...
Program Size: Code=1192 RO-data=16 RW-data=0 ZI-data=1256  
"uart_interrupts.axf" - 0 Error(s), 0 Warning(s).
Build target 'Target 1'
User command #1: fromelf --bin  uart_interrupts.axf  --output uart_interrupts.bin
linking...
Program Size: Code=1192 RO-data=16 RW-data=0 ZI-data=1256  
"uart_interrupts.axf" - 0 Error(s), 0 Warning(s).
compiling main.c...
main.c(188): error:  #268: declaration may not appear after executable statement in block
main.c(186): warning:  #550-D: variable "regVal" was set but never used
main.c - 1 Error(s), 1 Warning(s).
Build target 'Target 1'
User command #1: fromelf --bin  uart_interrupts.axf  --output uart_interrupts.bin
compiling main.c...
main.c(188): error:  #268: declaration may not appear after executable statement in block
main.c(186): warning:  #550-D: variable "regVal" was set but never used
Target not created
Build target 'Target 1'
User command #1: fromelf --bin  uart_interrupts.axf  --output uart_interrupts.bin
"uart_interrupts.axf": Error: Q0122E: Could not open file 'uart_interrupts.axf': No such file or directory
Finished: 0 information, 0 warning and 1 error messages.
compiling main.c...
main.c(188): error:  #268: declaration may not appear after executable statement in block
main.c(186): warning:  #550-D: variable "regVal" was set but never used
Target not created
compiling main.c...
main.c(187): warning:  #550-D: variable "regVal" was set but never used
main.c - 0 Error(s), 1 Warning(s).
Build target 'Target 1'
User command #1: fromelf --bin  uart_interrupts.axf  --output uart_interrupts.bin
"uart_interrupts.axf": Error: Q0122E: Could not open file 'uart_interrupts.axf': No such file or directory
Finished: 0 information, 0 warning and 1 error messages.
linking...
Program Size: Code=1284 RO-data=32 RW-data=4 ZI-data=1260  
"uart_interrupts.axf" - 0 Error(s), 0 Warning(s).
Build target 'Target 1'
User command #1: fromelf --bin  uart_interrupts.axf  --output uart_interrupts.bin
linking...
Program Size: Code=1284 RO-data=32 RW-data=4 ZI-data=1260  
"uart_interrupts.axf" - 0 Error(s), 0 Warning(s).
compiling main.c...
main.c(64): warning:  #550-D: variable "regVal1" was set but never used
main.c - 0 Error(s), 1 Warning(s).
Build target 'Target 1'
User command #1: fromelf --bin  uart_interrupts.axf  --output uart_interrupts.bin
linking...
Program Size: Code=1108 RO-data=32 RW-data=4 ZI-data=1260  
"uart_interrupts.axf" - 0 Error(s), 0 Warning(s).
Build target 'Target 1'
User command #1: fromelf --bin  uart_interrupts.axf  --output uart_interrupts.bin
linking...
Program Size: Code=1108 RO-data=32 RW-data=4 ZI-data=1260  
"uart_interrupts.axf" - 0 Error(s), 0 Warning(s).
compiling main.c...
main.c(64): warning:  #550-D: variable "regVal1" was set but never used
main.c - 0 Error(s), 1 Warning(s).
Build target 'Target 1'
User command #1: fromelf --bin  uart_interrupts.axf  --output uart_interrupts.bin
linking...
Program Size: Code=1108 RO-data=32 RW-data=4 ZI-data=1260  
"uart_interrupts.axf" - 0 Error(s), 0 Warning(s).
compiling main.c...
main.c(11): error:  #130: expected a "{"
main.c(112): warning:  #187-D: use of "=" where "==" may have been intended
main.c(95): warning:  #550-D: variable "regVal1" was set but never used
main.c(121): error:  #247: function "timer_isr" has already been defined
main.c - 2 Error(s), 2 Warning(s).
compiling main.c...
main.c(11): error:  #130: expected a "{"
main.c(95): warning:  #550-D: variable "regVal1" was set but never used
main.c(121): error:  #247: function "timer_isr" has already been defined
main.c - 2 Error(s), 1 Warning(s).
compiling main.c...
main.c(95): warning:  #550-D: variable "regVal1" was set but never used
main.c - 0 Error(s), 1 Warning(s).
Build target 'Target 1'
User command #1: fromelf --bin  uart_interrupts.axf  --output uart_interrupts.bin
linking...
Program Size: Code=1764 RO-data=32 RW-data=8 ZI-data=1256  
"uart_interrupts.axf" - 0 Error(s), 0 Warning(s).
Build target 'Target 1'
User command #1: fromelf --bin  uart_interrupts.axf  --output uart_interrupts.bin
linking...
Program Size: Code=1764 RO-data=32 RW-data=8 ZI-data=1256  
"uart_interrupts.axf" - 0 Error(s), 0 Warning(s).
